[{"method": "Executing Local: bench --site tijaabo.com execute frappe.get_installed_apps in /home/liiyow/tijaabo", "error": "SSH Executor"}, {"method": "Executing Local: bench --site tijaabo.com execute frappe.get_installed_apps in /home/liiyow/tijaabo", "error": "SSH Executor"}, {"method": "Executing Local: bench --site tijaabo.com execute frappe.get_installed_apps in /home/liiyow/tijaabo", "error": "SSH Executor"}, {"method": "Executing Local: bench --site tijaabo.com execute frappe.get_installed_apps in /home/liiyow/tijaabo", "error": "SSH Executor"}, {"method": "Executing Local: bench --site tijaabo.com execute frappe.get_installed_apps in /home/liiyow/tijaabo", "error": "SSH Executor"}, {"method": "Executing Local: bench --site tijaabo.com execute frappe.get_installed_apps in /home/liiyow/tijaabo", "error": "SSH Executor"}, {"method": "Executing Local: bench --site tijaabo.com execute frappe.get_installed_apps in /home/liiyow/tijaabo", "error": "SSH Executor"}, {"method": "Executing Local: bench --site liiyow.yool execute frappe.get_installed_apps in /home/liiyow/tijaabo", "error": "SSH Executor"}, {"method": "Bench Operations Debug", "error": "Python detection output: /usr/bin/python3\n/usr/bin/python3.10\n/usr/bin/python3.10-config\n/usr/bin/python3.11\n/usr/bin/python3.11-config\n/usr/bin/python3.12\n/usr/bin/python3.12-config\n/usr/bin/python3.14\n/usr/bin/python3.14-config\n/usr/bin/python3-config"}, {"method": "Executing Local: ls -1 /usr/bin/python3* in None", "error": "SSH Executor"}, {"method": "Executing Local: bench --site somali.so execute frappe.get_installed_apps in /home/liiyow/tijaabo", "error": "SSH Executor"}, {"method": "Executing Local: bench --site somali.so execute frappe.get_installed_apps in /home/liiyow/tijaabo", "error": "SSH Executor"}, {"method": "Executing Local: bench --site somali.so execute frappe.get_installed_apps in /home/liiyow/tijaabo", "error": "SSH Executor"}, {"method": "Executing Local: bench --site somali.so execute frappe.get_installed_apps in /home/liiyow/tijaabo", "error": "SSH Executor"}, {"method": "Executing Local: bench --site somali.so execute frappe.get_installed_apps in /home/liiyow/tijaabo", "error": "SSH Executor"}, {"method": "Executing Local: bench --site somali.so execute frappe.get_installed_apps in /home/liiyow/tijaabo", "error": "SSH Executor"}, {"method": "Executing Local: bench --site somali.so execute frappe.get_installed_apps in /home/liiyow/tijaabo", "error": "SSH Executor"}, {"method": "Executing Local: bench --site somali.so execute frappe.get_installed_apps in /home/liiyow/tijaabo", "error": "SSH Executor"}, {"method": "Executing Local: bench --site somali.so execute frappe.get_installed_apps in /home/liiyow/tijaabo", "error": "SSH Executor"}, {"method": "Executing Local: bench --site somali.so execute frappe.get_installed_apps in /home/liiyow/tijaabo", "error": "SSH Executor"}, {"method": "Executing Local: bench --site somali.so execute frappe.get_installed_apps in /home/liiyow/tijaabo", "error": "SSH Executor"}, {"method": "Executing Local: bench --site somali.so execute frappe.get_installed_apps in /home/liiyow/tijaabo", "error": "SSH Executor"}, {"method": "Executing Local: bench --site somali.so execute frappe.get_installed_apps in /home/liiyow/tijaabo", "error": "SSH Executor"}, {"method": "Executing Local: bench --site local.so execute frappe.get_installed_apps in /home/liiyow/tijaabo", "error": "SSH Executor"}, {"method": "Executing Local: bench --site local.so execute frappe.get_installed_apps in /home/liiyow/tijaabo", "error": "SSH Executor"}, {"method": "Executing Local: bench build in /home/liiyow/liiyow", "error": "SSH Executor"}, {"method": "Executing Local: bench --site somali.so execute frappe.get_installed_apps in /home/liiyow/tijaabo", "error": "SSH Executor"}, {"method": "Executing Local: bench --site somali.so execute frappe.get_installed_apps in /home/liiyow/tijaabo", "error": "SSH Executor"}, {"method": "Executing Local: bench --site liiyp.so execute frappe.get_installed_apps in /home/liiyow/hubi", "error": "SSH Executor"}, {"method": "Executing Local: bench --site somali.so execute frappe.get_installed_apps in /home/liiyow/tijaabo", "error": "SSH Executor"}, {"method": "Executing Local: bench --site tijaabo.com execute frappe.get_installed_apps in /home/liiyow/tijaabo", "error": "SSH Executor"}, {"method": "Executing Local: bench --site tijaabo.com execute frappe.get_installed_apps in /home/liiyow/tijaabo", "error": "SSH Executor"}, {"method": "Blocked Command: bench --site tijaabo.com execute frappe.get_installed_apps Reason: Bench subcommand 'execute' is not allowed.", "error": "Security Audit"}, {"method": "Blocked Command: bench --site tijaabo.com execute frappe.get_installed_apps Reason: Bench subcommand 'execute' is not allowed.", "error": "Security Audit"}, {"method": "Blocked Command: bench --site tijaabo.so execute frappe.get_installed_apps Reason: Bench subcommand 'execute' is not allowed.", "error": "Security Audit"}, {"method": "Blocked Command: bench --site somali.so execute frappe.get_installed_apps Reason: Bench subcommand 'execute' is not allowed.", "error": "Security Audit"}, {"method": "Blocked Command: bench --site somali.so execute frappe.get_installed_apps Reason: Bench subcommand 'execute' is not allowed.", "error": "Security Audit"}, {"method": "Blocked Command: bench --site somali.so execute frappe.get_installed_apps Reason: Bench subcommand 'execute' is not allowed.", "error": "Security Audit"}, {"method": "Blocked Command: bench --site somali.so execute frappe.get_installed_apps Reason: Bench subcommand 'execute' is not allowed.", "error": "Security Audit"}, {"method": "Executing Local: cat sites/somali.so/site_config.json in /home/liiyow/tijaabo", "error": "SSH Executor"}, {"method": "Executing Local: cat sites/somali.so/site_config.json in /home/liiyow/tijaabo", "error": "SSH Executor"}, {"method": "Executing Local: cat sites/somali.so/site_config.json in /home/liiyow/tijaabo", "error": "SSH Executor"}, {"method": "Executing Local: cat sites/somali.so/site_config.json in /home/liiyow/tijaabo", "error": "SSH Executor"}, {"method": "Executing Local: cat sites/liiyp.so/site_config.json in /home/liiyow/hubi", "error": "SSH Executor"}, {"method": "Executing Local: cat sites/liiyp.so/site_config.json in /home/liiyow/hubi", "error": "SSH Executor"}, {"method": "SSH Executor Failed", "error": "Command Failed: cat: sites/ali.so/site_config.json: No such file or directory\n"}, {"method": "Executing Local: cat sites/ali.so/site_config.json in /home/liiyow/tijaabo", "error": "SSH Executor"}, {"method": "Executing Local: cat sites/somali.so/site_config.json in /home/liiyow/tijaabo", "error": "SSH Executor"}, {"method": "Executing Local: cat sites/somali.so/site_config.json in /home/liiyow/tijaabo", "error": "SSH Executor"}, {"method": "Executing Local: cat sites/somali.so/site_config.json in /home/liiyow/tijaabo", "error": "SSH Executor"}, {"method": "Executing Local: bench --site somali.so install-app al_kawkab in /home/liiyow/tijaabo", "error": "SSH Executor"}, {"method": "Executing Local: cat sites/somali.so/site_config.json in /home/liiyow/tijaabo", "error": "SSH Executor"}, {"method": "Executing Local: cat sites/somali.so/site_config.json in /home/liiyow/tijaabo", "error": "SSH Executor"}, {"method": "Executing Local: cat sites/yak.so/site_config.json in /home/liiyow/tijaabo", "error": "SSH Executor"}, {"method": "Executing Local: cat sites/yak.so/site_config.json in /home/liiyow/tijaabo", "error": "SSH Executor"}, {"method": "Executing Local: cat sites/somali.so/site_config.json in /home/liiyow/tijaabo", "error": "SSH Executor"}, {"method": "Executing Local: cat sites/somali.so/site_config.json in /home/liiyow/tijaabo", "error": "SSH Executor"}, {"method": "Executing Local: cat sites/yak.so/site_config.json in /home/liiyow/tijaabo", "error": "SSH Executor"}, {"method": "Executing Local: cat sites/yak.so/site_config.json in /home/liiyow/tijaabo", "error": "SSH Executor"}, {"method": "Executing Local: bench remove-app batwara in /home/liiyow/liiyow", "error": "SSH Executor"}, {"method": "Executing Local: export GIT_SSH_COMMAND='ssh -i [private_key_file] -o StrictHostKeyChecking=no' && bench get-app git@github.com:LiiDahir/ysh", "error": "Executing Local: export GIT_SSH_COMMAND='ssh -i [private_key_file] -o StrictHostKeyChecking=no' && bench get-app git@github.com:LiiDahir/yshop.git --branch develop in /home/liiyow/hubi\nSSH Executor"}, {"method": "Executing Local: cat sites/tijaabo.com/site_config.json in /home/liiyow/tijaabo", "error": "SSH Executor"}, {"method": "htbencher.custom.site_operations.install_app_to_site", "error": "Traceback with variables (most recent call last):\n  File \"apps/frappe/frappe/utils/background_jobs.py\", line 273, in execute_job\n    retval = method(**kwargs)\n      site = 'tijab.com'\n      method = <function install_app_to_site at 0x75b33c53c860>\n      event = None\n      job_name = 'htbencher.custom.site_operations.install_app_to_site'\n      kwargs = {'bench_path': '/home/liiyow/tijaabo', 'site_name': 'tijaabo.com', 'app_doc_name': 'htpos', 'task_id': '93ddde6449'}\n      user = 'Administrator'\n      is_async = True\n      retry = 0\n      retval = None\n      method_name = 'htbencher.custom.site_operations.install_app_to_site'\n      before_job_task = 'frappe.monitor.start'\n      e = install_app_to_site() got an unexpected keyword argument 'app_doc_name'\nbuiltins.TypeError: install_app_to_site() got an unexpected keyword argument 'app_doc_name'"}, {"method": "Executing Local: cat sites/tijaabo.com/site_config.json in /home/liiyow/tijaabo", "error": "SSH Executor"}, {"method": "Executing Local: cat sites/tijaabo.com/site_config.json in /home/liiyow/tijaabo", "error": "SSH Executor"}, {"method": "Executing Local: cat sites/tijaabo.com/site_config.json in /home/liiyow/tijaabo", "error": "SSH Executor"}, {"method": "Executing Local: bench --site tijaabo.com install-app al_kawkab in /home/liiyow/tijaabo", "error": "SSH Executor"}, {"method": "Executing Local: cat sites/tijaabo.com/site_config.json in /home/liiyow/tijaabo", "error": "SSH Executor"}, {"method": "Executing Local: cat sites/tijaabo.com/site_config.json in /home/liiyow/tijaabo", "error": "SSH Executor"}, {"method": "Blocked Command: App 'htpos' is already installed on site tijaabo.com. Skipping. Reason: Command 'App' is not allowed.", "error": "Security Audit"}, {"method": "Executing Local: cat sites/tijaabo.com/site_config.json in /home/liiyow/tijaabo", "error": "SSH Executor"}, {"method": "Executing Local: cat sites/tijaabo.com/site_config.json in /home/liiyow/tijaabo", "error": "SSH Executor"}, {"method": "Executing Local: cat sites/tijaabo.com/site_config.json in /home/liiyow/tijaabo", "error": "SSH Executor"}, {"method": "Executing Local: cat sites/tijaabo.com/site_config.json in /home/liiyow/tijaabo", "error": "SSH Executor"}, {"method": "Executing Local: cat sites/tijaabo.com/site_config.json in /home/liiyow/tijaabo", "error": "SSH Executor"}, {"method": "Executing Local: cat sites/tijaabo.com/site_config.json in /home/liiyow/tijaabo", "error": "SSH Executor"}, {"method": "Executing Local: cat sites/tijaabo.com/site_config.json in /home/liiyow/tijaabo", "error": "SSH Executor"}, {"method": "Executing Local: cat sites/tijaabo.com/site_config.json in /home/liiyow/tijaabo", "error": "SSH Executor"}, {"method": "Executing Local: cat sites/tijaabo.com/site_config.json in /home/liiyow/tijaabo", "error": "SSH Executor"}, {"method": "Executing Local: cat sites/local.so/site_config.json in /home/liiyow/tijaabo", "error": "SSH Executor"}, {"method": "Executing Local: cat sites/somali.so/site_config.json in /home/liiyow/tijaabo", "error": "SSH Executor"}, {"method": "You are not permitted to access this resource. Login to accessFunction htbencher.api.v1.bench.get_benches is not whitelisted.", "error": "Traceback with variables (most recent call last):\n  File \"apps/frappe/frappe/app.py\", line 121, in application\n    response = frappe.api.handle(request)\n      request = <Request 'http://localhost:8081/api/method/htbencher.api.v1.bench.get_benches' [GET]>\n      response = None\n      e = You are not permitted to access this resource. Login to accessFunction htbencher.api.v1.bench.get_benches is not whitelisted.\n  File \"apps/frappe/frappe/api/__init__.py\", line 63, in handle\n    data = endpoint(**arguments)\n      request = <Request 'http://localhost:8081/api/method/htbencher.api.v1.bench.get_benches' [GET]>\n      endpoint = <function handle_rpc_call at 0x7de925193740>\n      arguments = {'method': 'htbencher.api.v1.bench.get_benches'}\n  File \"apps/frappe/frappe/api/v1.py\", line 40, in handle_rpc_call\n    return frappe.handler.handle()\n      method = 'htbencher.api.v1.bench.get_benches'\n      frappe = <module 'frappe' from 'apps/frappe/frappe/__init__.py'>\n  File \"apps/frappe/frappe/handler.py\", line 53, in handle\n    data = execute_cmd(cmd)\n      cmd = 'htbencher.api.v1.bench.get_benches'\n      data = None\n  File \"apps/frappe/frappe/handler.py\", line 83, in execute_cmd\n    is_whitelisted(method)\n      cmd = 'htbencher.api.v1.bench.get_benches'\n      from_async = False\n      server_script = None\n      method = <function get_benches at 0x7de91d573ec0>\n  File \"apps/frappe/frappe/__init__.py\", line 467, in is_whitelisted\n    throw(msg, PermissionError, title=_(\"Method Not Allowed\"))\n      method = <function get_benches at 0x7de91d573ec0>\n      sanitize_html = <function sanitize_html at 0x7de92878e3e0>\n      is_guest = True\n      summary = 'You are not permitted to access this resource. Login to access'\n      detail = 'Function <strong>htbencher.api.v1.bench.get_benches</strong> is not whitelisted.'\n      msg = '<details><summary>You are not permitted to access this resource. Login to access</summary>Function <strong>htbencher.api.v1.bench.get_benches</strong> is not whitelisted.</details>'\n  File \"apps/frappe/frappe/utils/messages.py\", line 145, in throw\n    msgprint(\n      msg = '<details><summary>You are not permitted to access this resource. Login to access</summary>Function <strong>htbencher.api.v1.bench.get_benches</strong> is not whitelisted.</details>'\n      exc = frappe.exceptions.PermissionError\n      title = 'Method Not Allowed'\n      is_minimizable = False\n      wide = False\n      as_list = False\n      primary_action = None\n  File \"apps/frappe/frappe/utils/messages.py\", line 106, in msgprint\n    _raise_exception()\n      msg = 'You are not permitted to access this resource. Login to accessFunction htbencher.api.v1.bench.get_benches is not whitelisted.'\n      title = 'Method Not Allowed'\n      raise_exception = frappe.exceptions.PermissionError\n      as_table = False\n      as_list = False\n      indicator = 'red'\n      alert = False\n      primary_action = None\n      is_minimizable = False\n      wide = False\n      realtime = False\n      _raise_exception = <function msgprint.<locals>._raise_exception at 0x7de91c9528e0>\n      inspect = <module 'inspect' from '/usr/lib/python3.12/inspect.py'>\n      out = {'message': '<details><summary>You are not permitted to access this resource. Login to access</summary>Function <strong>htbencher.api.v1.bench.get_benches</strong> is not whitelisted.</details>', 'title': 'Method Not Allowed', 'indicator': 'red', 'raise_exception': 1, '__frappe_exc_id': 'bf175a52f902ab944ffa07a06f49b135bd896689190bb882fd4a1447'}\n  File \"apps/frappe/frappe/utils/messages.py\", line 57, in _raise_exception\n    raise exc\n      exc = You are not permitted to access this resource. Login to accessFunction htbencher.api.v1.bench.get_benches is not whitelisted.\n      inspect = <module 'inspect' from '/usr/lib/python3.12/inspect.py'>\n      msg = 'You are not permitted to access this resource. Login to accessFunction htbencher.api.v1.bench.get_benches is not whitelisted.'\n      out = {'message': '<details><summary>You are not permitted to access this resource. Login to access</summary>Function <strong>htbencher.api.v1.bench.get_benches</strong> is not whitelisted.</details>', 'title': 'Method Not Allowed', 'indicator': 'red', 'raise_exception': 1, '__frappe_exc_id': 'bf175a52f902ab944ffa07a06f49b135bd896689190bb882fd4a1447'}\n      raise_exception = frappe.exceptions.PermissionError\nfrappe.exceptions.PermissionError: You are not permitted to access this resource. Login to accessFunction htbencher.api.v1.bench.get_benches is not whitelisted."}, {"method": "You are not permitted to access this resource. Login to accessFunction frappe.client.get_list is not whitelisted.", "error": "Traceback with variables (most recent call last):\n  File \"apps/frappe/frappe/app.py\", line 121, in application\n    response = frappe.api.handle(request)\n      request = <Request 'http://localhost:8081/api/method/frappe.client.get_list' [POST]>\n      response = None\n      e = You are not permitted to access this resource. Login to accessFunction frappe.client.get_list is not whitelisted.\n  File \"apps/frappe/frappe/api/__init__.py\", line 63, in handle\n    data = endpoint(**arguments)\n      request = <Request 'http://localhost:8081/api/method/frappe.client.get_list' [POST]>\n      endpoint = <function handle_rpc_call at 0x7de925193740>\n      arguments = {'method': 'frappe.client.get_list'}\n  File \"apps/frappe/frappe/api/v1.py\", line 40, in handle_rpc_call\n    return frappe.handler.handle()\n      method = 'frappe.client.get_list'\n      frappe = <module 'frappe' from 'apps/frappe/frappe/__init__.py'>\n  File \"apps/frappe/frappe/handler.py\", line 53, in handle\n    data = execute_cmd(cmd)\n      cmd = 'frappe.client.get_list'\n      data = None\n  File \"apps/frappe/frappe/handler.py\", line 83, in execute_cmd\n    is_whitelisted(method)\n      cmd = 'frappe.client.get_list'\n      from_async = False\n      server_script = None\n      method = <function get_list at 0x7de9270fc4a0>\n  File \"apps/frappe/frappe/__init__.py\", line 467, in is_whitelisted\n    throw(msg, PermissionError, title=_(\"Method Not Allowed\"))\n      method = <function get_list at 0x7de9270fc4a0>\n      sanitize_html = <function sanitize_html at 0x7de92878e3e0>\n      is_guest = True\n      summary = 'You are not permitted to access this resource. Login to access'\n      detail = 'Function <strong>frappe.client.get_list</strong> is not whitelisted.'\n      msg = '<details><summary>You are not permitted to access this resource. Login to access</summary>Function <strong>frappe.client.get_list</strong> is not whitelisted.</details>'\n  File \"apps/frappe/frappe/utils/messages.py\", line 145, in throw\n    msgprint(\n      msg = '<details><summary>You are not permitted to access this resource. Login to access</summary>Function <strong>frappe.client.get_list</strong> is not whitelisted.</details>'\n      exc = frappe.exceptions.PermissionError\n      title = 'Method Not Allowed'\n      is_minimizable = False\n      wide = False\n      as_list = False\n      primary_action = None\n  File \"apps/frappe/frappe/utils/messages.py\", line 106, in msgprint\n    _raise_exception()\n      msg = 'You are not permitted to access this resource. Login to accessFunction frappe.client.get_list is not whitelisted.'\n      title = 'Method Not Allowed'\n      raise_exception = frappe.exceptions.PermissionError\n      as_table = False\n      as_list = False\n      indicator = 'red'\n      alert = False\n      primary_action = None\n      is_minimizable = False\n      wide = False\n      realtime = False\n      _raise_exception = <function msgprint.<locals>._raise_exception at 0x7de91c952c00>\n      inspect = <module 'inspect' from '/usr/lib/python3.12/inspect.py'>\n      out = {'message': '<details><summary>You are not permitted to access this resource. Login to access</summary>Function <strong>frappe.client.get_list</strong> is not whitelisted.</details>', 'title': 'Method Not Allowed', 'indicator': 'red', 'raise_exception': 1, '__frappe_exc_id': '85f540f098e16eb3301cfc267d18f5c875120f6008f48cab7af7f537'}\n  File \"apps/frappe/frappe/utils/messages.py\", line 57, in _raise_exception\n    raise exc\n      exc = You are not permitted to access this resource. Login to accessFunction frappe.client.get_list is not whitelisted.\n      inspect = <module 'inspect' from '/usr/lib/python3.12/inspect.py'>\n      msg = 'You are not permitted to access this resource. Login to accessFunction frappe.client.get_list is not whitelisted.'\n      out = {'message': '<details><summary>You are not permitted to access this resource. Login to access</summary>Function <strong>frappe.client.get_list</strong> is not whitelisted.</details>', 'title': 'Method Not Allowed', 'indicator': 'red', 'raise_exception': 1, '__frappe_exc_id': '85f540f098e16eb3301cfc267d18f5c875120f6008f48cab7af7f537'}\n      raise_exception = frappe.exceptions.PermissionError\nfrappe.exceptions.PermissionError: You are not permitted to access this resource. Login to accessFunction frappe.client.get_list is not whitelisted."}, {"method": "You are not permitted to access this resource. Login to accessFunction htbencher.api.v1.bench.get_benches is not whitelisted.", "error": "Traceback with variables (most recent call last):\n  File \"apps/frappe/frappe/app.py\", line 121, in application\n    response = frappe.api.handle(request)\n      request = <Request 'http://localhost:8081/api/method/htbencher.api.v1.bench.get_benches' [GET]>\n      response = None\n      e = You are not permitted to access this resource. Login to accessFunction htbencher.api.v1.bench.get_benches is not whitelisted.\n  File \"apps/frappe/frappe/api/__init__.py\", line 63, in handle\n    data = endpoint(**arguments)\n      request = <Request 'http://localhost:8081/api/method/htbencher.api.v1.bench.get_benches' [GET]>\n      endpoint = <function handle_rpc_call at 0x7de925193740>\n      arguments = {'method': 'htbencher.api.v1.bench.get_benches'}\n  File \"apps/frappe/frappe/api/v1.py\", line 40, in handle_rpc_call\n    return frappe.handler.handle()\n      method = 'htbencher.api.v1.bench.get_benches'\n      frappe = <module 'frappe' from 'apps/frappe/frappe/__init__.py'>\n  File \"apps/frappe/frappe/handler.py\", line 53, in handle\n    data = execute_cmd(cmd)\n      cmd = 'htbencher.api.v1.bench.get_benches'\n      data = None\n  File \"apps/frappe/frappe/handler.py\", line 83, in execute_cmd\n    is_whitelisted(method)\n      cmd = 'htbencher.api.v1.bench.get_benches'\n      from_async = False\n      server_script = None\n      method = <function get_benches at 0x7de91d573ec0>\n  File \"apps/frappe/frappe/__init__.py\", line 467, in is_whitelisted\n    throw(msg, PermissionError, title=_(\"Method Not Allowed\"))\n      method = <function get_benches at 0x7de91d573ec0>\n      sanitize_html = <function sanitize_html at 0x7de92878e3e0>\n      is_guest = True\n      summary = 'You are not permitted to access this resource. Login to access'\n      detail = 'Function <strong>htbencher.api.v1.bench.get_benches</strong> is not whitelisted.'\n      msg = '<details><summary>You are not permitted to access this resource. Login to access</summary>Function <strong>htbencher.api.v1.bench.get_benches</strong> is not whitelisted.</details>'\n  File \"apps/frappe/frappe/utils/messages.py\", line 145, in throw\n    msgprint(\n      msg = '<details><summary>You are not permitted to access this resource. Login to access</summary>Function <strong>htbencher.api.v1.bench.get_benches</strong> is not whitelisted.</details>'\n      exc = frappe.exceptions.PermissionError\n      title = 'Method Not Allowed'\n      is_minimizable = False\n      wide = False\n      as_list = False\n      primary_action = None\n  File \"apps/frappe/frappe/utils/messages.py\", line 106, in msgprint\n    _raise_exception()\n      msg = 'You are not permitted to access this resource. Login to accessFunction htbencher.api.v1.bench.get_benches is not whitelisted.'\n      title = 'Method Not Allowed'\n      raise_exception = frappe.exceptions.PermissionError\n      as_table = False\n      as_list = False\n      indicator = 'red'\n      alert = False\n      primary_action = None\n      is_minimizable = False\n      wide = False\n      realtime = False\n      _raise_exception = <function msgprint.<locals>._raise_exception at 0x7de91d55a520>\n      inspect = <module 'inspect' from '/usr/lib/python3.12/inspect.py'>\n      out = {'message': '<details><summary>You are not permitted to access this resource. Login to access</summary>Function <strong>htbencher.api.v1.bench.get_benches</strong> is not whitelisted.</details>', 'title': 'Method Not Allowed', 'indicator': 'red', 'raise_exception': 1, '__frappe_exc_id': 'b1a4cb8fae56bb3a67274fae4790e911f4cb4582f8c7e7737cb9c987'}\n  File \"apps/frappe/frappe/utils/messages.py\", line 57, in _raise_exception\n    raise exc\n      exc = You are not permitted to access this resource. Login to accessFunction htbencher.api.v1.bench.get_benches is not whitelisted.\n      inspect = <module 'inspect' from '/usr/lib/python3.12/inspect.py'>\n      msg = 'You are not permitted to access this resource. Login to accessFunction htbencher.api.v1.bench.get_benches is not whitelisted.'\n      out = {'message': '<details><summary>You are not permitted to access this resource. Login to access</summary>Function <strong>htbencher.api.v1.bench.get_benches</strong> is not whitelisted.</details>', 'title': 'Method Not Allowed', 'indicator': 'red', 'raise_exception': 1, '__frappe_exc_id': 'b1a4cb8fae56bb3a67274fae4790e911f4cb4582f8c7e7737cb9c987'}\n      raise_exception = frappe.exceptions.PermissionError\nfrappe.exceptions.PermissionError: You are not permitted to access this resource. Login to accessFunction htbencher.api.v1.bench.get_benches is not whitelisted."}, {"method": "You are not permitted to access this resource. Login to accessFunction frappe.client.get_list is not whitelisted.", "error": "Traceback with variables (most recent call last):\n  File \"apps/frappe/frappe/app.py\", line 121, in application\n    response = frappe.api.handle(request)\n      request = <Request 'http://localhost:8081/api/method/frappe.client.get_list' [POST]>\n      response = None\n      e = You are not permitted to access this resource. Login to accessFunction frappe.client.get_list is not whitelisted.\n  File \"apps/frappe/frappe/api/__init__.py\", line 63, in handle\n    data = endpoint(**arguments)\n      request = <Request 'http://localhost:8081/api/method/frappe.client.get_list' [POST]>\n      endpoint = <function handle_rpc_call at 0x7de925193740>\n      arguments = {'method': 'frappe.client.get_list'}\n  File \"apps/frappe/frappe/api/v1.py\", line 40, in handle_rpc_call\n    return frappe.handler.handle()\n      method = 'frappe.client.get_list'\n      frappe = <module 'frappe' from 'apps/frappe/frappe/__init__.py'>\n  File \"apps/frappe/frappe/handler.py\", line 53, in handle\n    data = execute_cmd(cmd)\n      cmd = 'frappe.client.get_list'\n      data = None\n  File \"apps/frappe/frappe/handler.py\", line 83, in execute_cmd\n    is_whitelisted(method)\n      cmd = 'frappe.client.get_list'\n      from_async = False\n      server_script = None\n      method = <function get_list at 0x7de9270fc4a0>\n  File \"apps/frappe/frappe/__init__.py\", line 467, in is_whitelisted\n    throw(msg, PermissionError, title=_(\"Method Not Allowed\"))\n      method = <function get_list at 0x7de9270fc4a0>\n      sanitize_html = <function sanitize_html at 0x7de92878e3e0>\n      is_guest = True\n      summary = 'You are not permitted to access this resource. Login to access'\n      detail = 'Function <strong>frappe.client.get_list</strong> is not whitelisted.'\n      msg = '<details><summary>You are not permitted to access this resource. Login to access</summary>Function <strong>frappe.client.get_list</strong> is not whitelisted.</details>'\n  File \"apps/frappe/frappe/utils/messages.py\", line 145, in throw\n    msgprint(\n      msg = '<details><summary>You are not permitted to access this resource. Login to access</summary>Function <strong>frappe.client.get_list</strong> is not whitelisted.</details>'\n      exc = frappe.exceptions.PermissionError\n      title = 'Method Not Allowed'\n      is_minimizable = False\n      wide = False\n      as_list = False\n      primary_action = None\n  File \"apps/frappe/frappe/utils/messages.py\", line 106, in msgprint\n    _raise_exception()\n      msg = 'You are not permitted to access this resource. Login to accessFunction frappe.client.get_list is not whitelisted.'\n      title = 'Method Not Allowed'\n      raise_exception = frappe.exceptions.PermissionError\n      as_table = False\n      as_list = False\n      indicator = 'red'\n      alert = False\n      primary_action = None\n      is_minimizable = False\n      wide = False\n      realtime = False\n      _raise_exception = <function msgprint.<locals>._raise_exception at 0x7de91d5598a0>\n      inspect = <module 'inspect' from '/usr/lib/python3.12/inspect.py'>\n      out = {'message': '<details><summary>You are not permitted to access this resource. Login to access</summary>Function <strong>frappe.client.get_list</strong> is not whitelisted.</details>', 'title': 'Method Not Allowed', 'indicator': 'red', 'raise_exception': 1, '__frappe_exc_id': '2dae6a17f37603283d5a248a25cb641515f5b6666bcbcbd362e6c578'}\n  File \"apps/frappe/frappe/utils/messages.py\", line 57, in _raise_exception\n    raise exc\n      exc = You are not permitted to access this resource. Login to accessFunction frappe.client.get_list is not whitelisted.\n      inspect = <module 'inspect' from '/usr/lib/python3.12/inspect.py'>\n      msg = 'You are not permitted to access this resource. Login to accessFunction frappe.client.get_list is not whitelisted.'\n      out = {'message': '<details><summary>You are not permitted to access this resource. Login to access</summary>Function <strong>frappe.client.get_list</strong> is not whitelisted.</details>', 'title': 'Method Not Allowed', 'indicator': 'red', 'raise_exception': 1, '__frappe_exc_id': '2dae6a17f37603283d5a248a25cb641515f5b6666bcbcbd362e6c578'}\n      raise_exception = frappe.exceptions.PermissionError\nfrappe.exceptions.PermissionError: You are not permitted to access this resource. Login to accessFunction frappe.client.get_list is not whitelisted."}, {"method": "SSH Executor Failed", "error": "Command Failed: cat: sites/ali.so/site_config.json: No such file or directory\n"}, {"method": "Executing Local: cat sites/ali.so/site_config.json in /home/liiyow/tijaabo", "error": "SSH Executor"}, {"method": "Executing Local: cat sites/local.so/site_config.json in /home/liiyow/tijaabo", "error": "SSH Executor"}, {"method": "Executing Local: cat sites/local.so/site_config.json in /home/liiyow/tijaabo", "error": "SSH Executor"}, {"method": "Executing Local: cat sites/somali.so/site_config.json in /home/liiyow/tijaabo", "error": "SSH Executor"}, {"method": "Executing Local: cat sites/tijaabo.com/site_config.json in /home/liiyow/tijaabo", "error": "SSH Executor"}, {"method": "Executing Local: cat sites/tijaabo.so/site_config.json in /home/liiyow/tijaabo", "error": "SSH Executor"}, {"method": "Executing Local: cat sites/somali.so/site_config.json in /home/liiyow/tijaabo", "error": "SSH Executor"}, {"method": "Bench Operations Debug", "error": "Python detection output: /usr/bin/python3\n/usr/bin/python3.10\n/usr/bin/python3.10-config\n/usr/bin/python3.11\n/usr/bin/python3.11-config\n/usr/bin/python3.12\n/usr/bin/python3.12-config\n/usr/bin/python3.14\n/usr/bin/python3.14-config\n/usr/bin/python3-config"}, {"method": "Executing Local: ls -1 /usr/bin/python3* in None", "error": "SSH Executor"}, {"method": "Starting SSL Check", "error": "SSL Task"}, {"method": "You are not permitted to access this resource. Login to accessFunction htbencher.api.v1.bench.get_benches is not whitelisted.", "error": "Traceback with variables (most recent call last):\n  File \"apps/frappe/frappe/app.py\", line 121, in application\n    response = frappe.api.handle(request)\n      request = <Request 'http://localhost:8081/api/method/htbencher.api.v1.bench.get_benches' [GET]>\n      response = None\n      e = You are not permitted to access this resource. Login to accessFunction htbencher.api.v1.bench.get_benches is not whitelisted.\n  File \"apps/frappe/frappe/api/__init__.py\", line 63, in handle\n    data = endpoint(**arguments)\n      request = <Request 'http://localhost:8081/api/method/htbencher.api.v1.bench.get_benches' [GET]>\n      endpoint = <function handle_rpc_call at 0x7de925193740>\n      arguments = {'method': 'htbencher.api.v1.bench.get_benches'}\n  File \"apps/frappe/frappe/api/v1.py\", line 40, in handle_rpc_call\n    return frappe.handler.handle()\n      method = 'htbencher.api.v1.bench.get_benches'\n      frappe = <module 'frappe' from 'apps/frappe/frappe/__init__.py'>\n  File \"apps/frappe/frappe/handler.py\", line 53, in handle\n    data = execute_cmd(cmd)\n      cmd = 'htbencher.api.v1.bench.get_benches'\n      data = None\n  File \"apps/frappe/frappe/handler.py\", line 83, in execute_cmd\n    is_whitelisted(method)\n      cmd = 'htbencher.api.v1.bench.get_benches'\n      from_async = False\n      server_script = None\n      method = <function get_benches at 0x7de91d573ec0>\n  File \"apps/frappe/frappe/__init__.py\", line 467, in is_whitelisted\n    throw(msg, PermissionError, title=_(\"Method Not Allowed\"))\n      method = <function get_benches at 0x7de91d573ec0>\n      sanitize_html = <function sanitize_html at 0x7de92878e3e0>\n      is_guest = True\n      summary = 'You are not permitted to access this resource. Login to access'\n      detail = 'Function <strong>htbencher.api.v1.bench.get_benches</strong> is not whitelisted.'\n      msg = '<details><summary>You are not permitted to access this resource. Login to access</summary>Function <strong>htbencher.api.v1.bench.get_benches</strong> is not whitelisted.</details>'\n  File \"apps/frappe/frappe/utils/messages.py\", line 145, in throw\n    msgprint(\n      msg = '<details><summary>You are not permitted to access this resource. Login to access</summary>Function <strong>htbencher.api.v1.bench.get_benches</strong> is not whitelisted.</details>'\n      exc = frappe.exceptions.PermissionError\n      title = 'Method Not Allowed'\n      is_minimizable = False\n      wide = False\n      as_list = False\n      primary_action = None\n  File \"apps/frappe/frappe/utils/messages.py\", line 106, in msgprint\n    _raise_exception()\n      msg = 'You are not permitted to access this resource. Login to accessFunction htbencher.api.v1.bench.get_benches is not whitelisted.'\n      title = 'Method Not Allowed'\n      raise_exception = frappe.exceptions.PermissionError\n      as_table = False\n      as_list = False\n      indicator = 'red'\n      alert = False\n      primary_action = None\n      is_minimizable = False\n      wide = False\n      realtime = False\n      _raise_exception = <function msgprint.<locals>._raise_exception at 0x7de91d40ca40>\n      inspect = <module 'inspect' from '/usr/lib/python3.12/inspect.py'>\n      out = {'message': '<details><summary>You are not permitted to access this resource. Login to access</summary>Function <strong>htbencher.api.v1.bench.get_benches</strong> is not whitelisted.</details>', 'title': 'Method Not Allowed', 'indicator': 'red', 'raise_exception': 1, '__frappe_exc_id': '19a039732413dd4d013bce915535c7118cf21866aa3ebfa1364bba2a'}\n  File \"apps/frappe/frappe/utils/messages.py\", line 57, in _raise_exception\n    raise exc\n      exc = You are not permitted to access this resource. Login to accessFunction htbencher.api.v1.bench.get_benches is not whitelisted.\n      inspect = <module 'inspect' from '/usr/lib/python3.12/inspect.py'>\n      msg = 'You are not permitted to access this resource. Login to accessFunction htbencher.api.v1.bench.get_benches is not whitelisted.'\n      out = {'message': '<details><summary>You are not permitted to access this resource. Login to access</summary>Function <strong>htbencher.api.v1.bench.get_benches</strong> is not whitelisted.</details>', 'title': 'Method Not Allowed', 'indicator': 'red', 'raise_exception': 1, '__frappe_exc_id': '19a039732413dd4d013bce915535c7118cf21866aa3ebfa1364bba2a'}\n      raise_exception = frappe.exceptions.PermissionError\nfrappe.exceptions.PermissionError: You are not permitted to access this resource. Login to accessFunction htbencher.api.v1.bench.get_benches is not whitelisted."}, {"method": "You are not permitted to access this resource. Login to accessFunction frappe.client.get_list is not whitelisted.", "error": "Traceback with variables (most recent call last):\n  File \"apps/frappe/frappe/app.py\", line 121, in application\n    response = frappe.api.handle(request)\n      request = <Request 'http://localhost:8081/api/method/frappe.client.get_list' [POST]>\n      response = None\n      e = You are not permitted to access this resource. Login to accessFunction frappe.client.get_list is not whitelisted.\n  File \"apps/frappe/frappe/api/__init__.py\", line 63, in handle\n    data = endpoint(**arguments)\n      request = <Request 'http://localhost:8081/api/method/frappe.client.get_list' [POST]>\n      endpoint = <function handle_rpc_call at 0x7de925193740>\n      arguments = {'method': 'frappe.client.get_list'}\n  File \"apps/frappe/frappe/api/v1.py\", line 40, in handle_rpc_call\n    return frappe.handler.handle()\n      method = 'frappe.client.get_list'\n      frappe = <module 'frappe' from 'apps/frappe/frappe/__init__.py'>\n  File \"apps/frappe/frappe/handler.py\", line 53, in handle\n    data = execute_cmd(cmd)\n      cmd = 'frappe.client.get_list'\n      data = None\n  File \"apps/frappe/frappe/handler.py\", line 83, in execute_cmd\n    is_whitelisted(method)\n      cmd = 'frappe.client.get_list'\n      from_async = False\n      server_script = None\n      method = <function get_list at 0x7de9270fc4a0>\n  File \"apps/frappe/frappe/__init__.py\", line 467, in is_whitelisted\n    throw(msg, PermissionError, title=_(\"Method Not Allowed\"))\n      method = <function get_list at 0x7de9270fc4a0>\n      sanitize_html = <function sanitize_html at 0x7de92878e3e0>\n      is_guest = True\n      summary = 'You are not permitted to access this resource. Login to access'\n      detail = 'Function <strong>frappe.client.get_list</strong> is not whitelisted.'\n      msg = '<details><summary>You are not permitted to access this resource. Login to access</summary>Function <strong>frappe.client.get_list</strong> is not whitelisted.</details>'\n  File \"apps/frappe/frappe/utils/messages.py\", line 145, in throw\n    msgprint(\n      msg = '<details><summary>You are not permitted to access this resource. Login to access</summary>Function <strong>frappe.client.get_list</strong> is not whitelisted.</details>'\n      exc = frappe.exceptions.PermissionError\n      title = 'Method Not Allowed'\n      is_minimizable = False\n      wide = False\n      as_list = False\n      primary_action = None\n  File \"apps/frappe/frappe/utils/messages.py\", line 106, in msgprint\n    _raise_exception()\n      msg = 'You are not permitted to access this resource. Login to accessFunction frappe.client.get_list is not whitelisted.'\n      title = 'Method Not Allowed'\n      raise_exception = frappe.exceptions.PermissionError\n      as_table = False\n      as_list = False\n      indicator = 'red'\n      alert = False\n      primary_action = None\n      is_minimizable = False\n      wide = False\n      realtime = False\n      _raise_exception = <function msgprint.<locals>._raise_exception at 0x7de91d40fba0>\n      inspect = <module 'inspect' from '/usr/lib/python3.12/inspect.py'>\n      out = {'message': '<details><summary>You are not permitted to access this resource. Login to access</summary>Function <strong>frappe.client.get_list</strong> is not whitelisted.</details>', 'title': 'Method Not Allowed', 'indicator': 'red', 'raise_exception': 1, '__frappe_exc_id': 'd571280a85cfeac7dfb9b61d81fc40ccc0e7bbc929bd8a26dbd16bd4'}\n  File \"apps/frappe/frappe/utils/messages.py\", line 57, in _raise_exception\n    raise exc\n      exc = You are not permitted to access this resource. Login to accessFunction frappe.client.get_list is not whitelisted.\n      inspect = <module 'inspect' from '/usr/lib/python3.12/inspect.py'>\n      msg = 'You are not permitted to access this resource. Login to accessFunction frappe.client.get_list is not whitelisted.'\n      out = {'message': '<details><summary>You are not permitted to access this resource. Login to access</summary>Function <strong>frappe.client.get_list</strong> is not whitelisted.</details>', 'title': 'Method Not Allowed', 'indicator': 'red', 'raise_exception': 1, '__frappe_exc_id': 'd571280a85cfeac7dfb9b61d81fc40ccc0e7bbc929bd8a26dbd16bd4'}\n      raise_exception = frappe.exceptions.PermissionError\nfrappe.exceptions.PermissionError: You are not permitted to access this resource. Login to accessFunction frappe.client.get_list is not whitelisted."}, {"method": "You are not permitted to access this resource. Login to accessFunction htbencher.api.v1.bench.get_benches is not whitelisted.", "error": "Traceback with variables (most recent call last):\n  File \"apps/frappe/frappe/app.py\", line 121, in application\n    response = frappe.api.handle(request)\n      request = <Request 'http://localhost:8081/api/method/htbencher.api.v1.bench.get_benches' [GET]>\n      response = None\n      e = You are not permitted to access this resource. Login to accessFunction htbencher.api.v1.bench.get_benches is not whitelisted.\n  File \"apps/frappe/frappe/api/__init__.py\", line 63, in handle\n    data = endpoint(**arguments)\n      request = <Request 'http://localhost:8081/api/method/htbencher.api.v1.bench.get_benches' [GET]>\n      endpoint = <function handle_rpc_call at 0x7de925193740>\n      arguments = {'method': 'htbencher.api.v1.bench.get_benches'}\n  File \"apps/frappe/frappe/api/v1.py\", line 40, in handle_rpc_call\n    return frappe.handler.handle()\n      method = 'htbencher.api.v1.bench.get_benches'\n      frappe = <module 'frappe' from 'apps/frappe/frappe/__init__.py'>\n  File \"apps/frappe/frappe/handler.py\", line 53, in handle\n    data = execute_cmd(cmd)\n      cmd = 'htbencher.api.v1.bench.get_benches'\n      data = None\n  File \"apps/frappe/frappe/handler.py\", line 83, in execute_cmd\n    is_whitelisted(method)\n      cmd = 'htbencher.api.v1.bench.get_benches'\n      from_async = False\n      server_script = None\n      method = <function get_benches at 0x7de91d573ec0>\n  File \"apps/frappe/frappe/__init__.py\", line 467, in is_whitelisted\n    throw(msg, PermissionError, title=_(\"Method Not Allowed\"))\n      method = <function get_benches at 0x7de91d573ec0>\n      sanitize_html = <function sanitize_html at 0x7de92878e3e0>\n      is_guest = True\n      summary = 'You are not permitted to access this resource. Login to access'\n      detail = 'Function <strong>htbencher.api.v1.bench.get_benches</strong> is not whitelisted.'\n      msg = '<details><summary>You are not permitted to access this resource. Login to access</summary>Function <strong>htbencher.api.v1.bench.get_benches</strong> is not whitelisted.</details>'\n  File \"apps/frappe/frappe/utils/messages.py\", line 145, in throw\n    msgprint(\n      msg = '<details><summary>You are not permitted to access this resource. Login to access</summary>Function <strong>htbencher.api.v1.bench.get_benches</strong> is not whitelisted.</details>'\n      exc = frappe.exceptions.PermissionError\n      title = 'Method Not Allowed'\n      is_minimizable = False\n      wide = False\n      as_list = False\n      primary_action = None\n  File \"apps/frappe/frappe/utils/messages.py\", line 106, in msgprint\n    _raise_exception()\n      msg = 'You are not permitted to access this resource. Login to accessFunction htbencher.api.v1.bench.get_benches is not whitelisted.'\n      title = 'Method Not Allowed'\n      raise_exception = frappe.exceptions.PermissionError\n      as_table = False\n      as_list = False\n      indicator = 'red'\n      alert = False\n      primary_action = None\n      is_minimizable = False\n      wide = False\n      realtime = False\n      _raise_exception = <function msgprint.<locals>._raise_exception at 0x7de91d40c900>\n      inspect = <module 'inspect' from '/usr/lib/python3.12/inspect.py'>\n      out = {'message': '<details><summary>You are not permitted to access this resource. Login to access</summary>Function <strong>htbencher.api.v1.bench.get_benches</strong> is not whitelisted.</details>', 'title': 'Method Not Allowed', 'indicator': 'red', 'raise_exception': 1, '__frappe_exc_id': '7269831869687f3b7daccd71d1e421776355a5250eefc75273a828f6'}\n  File \"apps/frappe/frappe/utils/messages.py\", line 57, in _raise_exception\n    raise exc\n      exc = You are not permitted to access this resource. Login to accessFunction htbencher.api.v1.bench.get_benches is not whitelisted.\n      inspect = <module 'inspect' from '/usr/lib/python3.12/inspect.py'>\n      msg = 'You are not permitted to access this resource. Login to accessFunction htbencher.api.v1.bench.get_benches is not whitelisted.'\n      out = {'message': '<details><summary>You are not permitted to access this resource. Login to access</summary>Function <strong>htbencher.api.v1.bench.get_benches</strong> is not whitelisted.</details>', 'title': 'Method Not Allowed', 'indicator': 'red', 'raise_exception': 1, '__frappe_exc_id': '7269831869687f3b7daccd71d1e421776355a5250eefc75273a828f6'}\n      raise_exception = frappe.exceptions.PermissionError\nfrappe.exceptions.PermissionError: You are not permitted to access this resource. Login to accessFunction htbencher.api.v1.bench.get_benches is not whitelisted."}, {"method": "You are not permitted to access this resource. Login to accessFunction frappe.client.get_list is not whitelisted.", "error": "Traceback with variables (most recent call last):\n  File \"apps/frappe/frappe/app.py\", line 121, in application\n    response = frappe.api.handle(request)\n      request = <Request 'http://localhost:8081/api/method/frappe.client.get_list' [POST]>\n      response = None\n      e = You are not permitted to access this resource. Login to accessFunction frappe.client.get_list is not whitelisted.\n  File \"apps/frappe/frappe/api/__init__.py\", line 63, in handle\n    data = endpoint(**arguments)\n      request = <Request 'http://localhost:8081/api/method/frappe.client.get_list' [POST]>\n      endpoint = <function handle_rpc_call at 0x7de925193740>\n      arguments = {'method': 'frappe.client.get_list'}\n  File \"apps/frappe/frappe/api/v1.py\", line 40, in handle_rpc_call\n    return frappe.handler.handle()\n      method = 'frappe.client.get_list'\n      frappe = <module 'frappe' from 'apps/frappe/frappe/__init__.py'>\n  File \"apps/frappe/frappe/handler.py\", line 53, in handle\n    data = execute_cmd(cmd)\n      cmd = 'frappe.client.get_list'\n      data = None\n  File \"apps/frappe/frappe/handler.py\", line 83, in execute_cmd\n    is_whitelisted(method)\n      cmd = 'frappe.client.get_list'\n      from_async = False\n      server_script = None\n      method = <function get_list at 0x7de9270fc4a0>\n  File \"apps/frappe/frappe/__init__.py\", line 467, in is_whitelisted\n    throw(msg, PermissionError, title=_(\"Method Not Allowed\"))\n      method = <function get_list at 0x7de9270fc4a0>\n      sanitize_html = <function sanitize_html at 0x7de92878e3e0>\n      is_guest = True\n      summary = 'You are not permitted to access this resource. Login to access'\n      detail = 'Function <strong>frappe.client.get_list</strong> is not whitelisted.'\n      msg = '<details><summary>You are not permitted to access this resource. Login to access</summary>Function <strong>frappe.client.get_list</strong> is not whitelisted.</details>'\n  File \"apps/frappe/frappe/utils/messages.py\", line 145, in throw\n    msgprint(\n      msg = '<details><summary>You are not permitted to access this resource. Login to access</summary>Function <strong>frappe.client.get_list</strong> is not whitelisted.</details>'\n      exc = frappe.exceptions.PermissionError\n      title = 'Method Not Allowed'\n      is_minimizable = False\n      wide = False\n      as_list = False\n      primary_action = None\n  File \"apps/frappe/frappe/utils/messages.py\", line 106, in msgprint\n    _raise_exception()\n      msg = 'You are not permitted to access this resource. Login to accessFunction frappe.client.get_list is not whitelisted.'\n      title = 'Method Not Allowed'\n      raise_exception = frappe.exceptions.PermissionError\n      as_table = False\n      as_list = False\n      indicator = 'red'\n      alert = False\n      primary_action = None\n      is_minimizable = False\n      wide = False\n      realtime = False\n      _raise_exception = <function msgprint.<locals>._raise_exception at 0x7de91d40ec00>\n      inspect = <module 'inspect' from '/usr/lib/python3.12/inspect.py'>\n      out = {'message': '<details><summary>You are not permitted to access this resource. Login to access</summary>Function <strong>frappe.client.get_list</strong> is not whitelisted.</details>', 'title': 'Method Not Allowed', 'indicator': 'red', 'raise_exception': 1, '__frappe_exc_id': '71c3079feae65df42e462039b646ced409c6f88b1d5aba10908f2803'}\n  File \"apps/frappe/frappe/utils/messages.py\", line 57, in _raise_exception\n    raise exc\n      exc = You are not permitted to access this resource. Login to accessFunction frappe.client.get_list is not whitelisted.\n      inspect = <module 'inspect' from '/usr/lib/python3.12/inspect.py'>\n      msg = 'You are not permitted to access this resource. Login to accessFunction frappe.client.get_list is not whitelisted.'\n      out = {'message': '<details><summary>You are not permitted to access this resource. Login to access</summary>Function <strong>frappe.client.get_list</strong> is not whitelisted.</details>', 'title': 'Method Not Allowed', 'indicator': 'red', 'raise_exception': 1, '__frappe_exc_id': '71c3079feae65df42e462039b646ced409c6f88b1d5aba10908f2803'}\n      raise_exception = frappe.exceptions.PermissionError\nfrappe.exceptions.PermissionError: You are not permitted to access this resource. Login to accessFunction frappe.client.get_list is not whitelisted."}]
